2025-02-19 18:37:34

Calculate the codon decoding time.

Step1: Checking the input Arguments.
rpf         :  ../05.merge/RIBO_merged.txt
rna         :  ../../../3.rna-seq/5.riboparser/05.merge/RNA_merged.txt
list        :  ../../../1.reference/norm/gene.norm.txt
output      :  P_site
site        :  P
frame       :  0
min         :  50
tis         :  15
tts         :  5
scale       :  minmax
stop        :  True

Step2: Import the gene annotation.

Step3: Import the RPFs file.
Import the density file SRR1944912.
Import the density file SRR1944913.
Import the density file SRR1944914.
Import the density file SRR1944915.
Import the density file SRR1944916.
Import the density file SRR1944917.

Import the density file SRR1944924.
Import the density file SRR1944925.
Import the density file SRR1944926.
Import the density file SRR1944927.
Import the density file SRR1944928.
Import the density file SRR1944929.

Step4: Calculate the codon decoding time.
Row: 500, NM_001178846.3.
Row: 1000, NM_001179548.3.
Row: 1500, NM_001180268.1.
Row: 2000, NM_001180948.1.
Row: 2500, NM_001181674.1.
Row: 3000, NM_001182421.1.
Row: 3500, NM_001183096.1.
Row: 4000, NM_001183789.3.
Row: 4411, NM_001431138.1.

Step5: Draw the codon decoding time plot.
All done.

2025-02-19 18:38:05
