2025-02-19 21:47:22
Draw the frame shifting plot.

Step1: Checking the input Arguments.

rpf         :  ../05.merge/RIBO_merged.txt
output      :  RIBO
transcript  :  ../../../1.reference/norm/gene.norm.txt
period      :  45
min         :  150
tis         :  5
tts         :  5
Step2: Import the RPFs file.

Import the density file SRR1944912.
Import the density file SRR1944913.
Import the density file SRR1944914.
Import the density file SRR1944915.
Import the density file SRR1944916.
Import the density file SRR1944917.
Step3: Calculate the 3nt periodicity.

Step4: Ouput the 3nt periodicity.

Step5: Filter frame shift.

Step6: Output the frame shift.

Step7: Draw the frame shifting plot.

All done.

2025-02-19 21:47:37
