2025-02-19 16:38:53

Draw the metagene coverage.

Step1: Checking the input Arguments.
transcript  :  ../../../1.reference/norm/gene.norm.txt
rpf         :  ../05.merge/RNA_merged.txt
output      :  RNA
frame       :  all
min         :  50
bin         :  10,100,10
normal      :  True
thread      :  1
outlier     :  True
set         :  union
heatmap     :  True
barplot     :  False

Step2: Import the RPFs file.
Import the density file SRR1944924.
Import the density file SRR1944925.
Import the density file SRR1944926.
Import the density file SRR1944927.
Import the density file SRR1944928.
Import the density file SRR1944929.

Step3: Adjust mRNAs to the same dimension.
Processing 5-UTR.
The number of gene with 5-UTR 5287.
Filter the outliers.
Processing CDS.
The number of gene with CDS 5250.
Filter the outliers.
Processing 3-UTR.
The number of gene with 3-UTR 5287.
Filter the outliers.

Step5: Draw the line plot of metagene coverage.
Draw SRR1944924 line plot.
Draw SRR1944925 line plot.
Draw SRR1944926 line plot.
Draw SRR1944927 line plot.
Draw SRR1944928 line plot.
Draw SRR1944929 line plot.

Step6: Draw the heatmap of metagene coverage.
Draw SRR1944924 heatmap.
Draw SRR1944925 heatmap.
Draw SRR1944926 heatmap.
Draw SRR1944927 heatmap.
Draw SRR1944928 heatmap.
Draw SRR1944929 heatmap.

Step7: Draw the barplot of metagene coverage.

Step8: Output the metagene coverage.

All done.

2025-02-19 16:42:04
