2025-02-19 18:29:52

Draw the metaplot.

Step1: Checking the input Arguments.

transcript  :  ../../../1.reference/norm/gene.norm.txt
rpf         :  ../05.merge/RIBO_merged.txt
output      :  RIBO
min         :  50
utr5        :  20
cds         :  50
utr3        :  20
normal      :  False
mode        :  bar

Step2: Import the RPFs file.

Import the RPFs file SRR1944912.
Import the RPFs file SRR1944913.
Import the RPFs file SRR1944914.
Import the RPFs file SRR1944915.
Import the RPFs file SRR1944916.
Import the RPFs file SRR1944917.

Step3: Draw the metaplot.


All done.

2025-02-19 18:30:19
